Analysis & Elaboration report for MIPS_Processor
Mon Jun 26 19:54:41 2017
Quartus Prime Version 17.0.0 Build 595 04/25/2017 SJ Lite Edition


---------------------
; Table of Contents ;
---------------------
  1. Legal Notice
  2. Analysis & Elaboration Summary
  3. Parallel Compilation
  4. Parameter Settings for User Entity Instance: Top-level Entity: |MIPS_Processor
  5. Parameter Settings for User Entity Instance: PC_Register:ProgramCounter
  6. Parameter Settings for User Entity Instance: ProgramMemory:ROMProgramMemory
  7. Parameter Settings for User Entity Instance: Adder32bits:PC_Puls_4
  8. Parameter Settings for User Entity Instance: Adder32bits:AdderForBranching
  9. Parameter Settings for User Entity Instance: Multiplexer2to1:MUX_PC
 10. Parameter Settings for User Entity Instance: Multiplexer2to1:MUX_ForRTypeAndIType
 11. Parameter Settings for User Entity Instance: RegisterFile:Register_File
 12. Parameter Settings for User Entity Instance: RegisterFile:Register_File|Register:Register_Zero
 13. Parameter Settings for User Entity Instance: RegisterFile:Register_File|Register:Register_at
 14. Parameter Settings for User Entity Instance: RegisterFile:Register_File|Register:Register_v0
 15. Parameter Settings for User Entity Instance: RegisterFile:Register_File|Register:Register_v1
 16. Parameter Settings for User Entity Instance: RegisterFile:Register_File|Register:Register_a0
 17. Parameter Settings for User Entity Instance: RegisterFile:Register_File|Register:Register_a1
 18. Parameter Settings for User Entity Instance: RegisterFile:Register_File|Register:Register_a2
 19. Parameter Settings for User Entity Instance: RegisterFile:Register_File|Register:Register_a3
 20. Parameter Settings for User Entity Instance: RegisterFile:Register_File|Register:Register_t0
 21. Parameter Settings for User Entity Instance: RegisterFile:Register_File|Register:Register_t1
 22. Parameter Settings for User Entity Instance: RegisterFile:Register_File|Register:Register_t2
 23. Parameter Settings for User Entity Instance: RegisterFile:Register_File|Register:Register_t3
 24. Parameter Settings for User Entity Instance: RegisterFile:Register_File|Register:Register_t4
 25. Parameter Settings for User Entity Instance: RegisterFile:Register_File|Register:Register_t5
 26. Parameter Settings for User Entity Instance: RegisterFile:Register_File|Register:Register_t6
 27. Parameter Settings for User Entity Instance: RegisterFile:Register_File|Register:Register_t7
 28. Parameter Settings for User Entity Instance: RegisterFile:Register_File|Register:Register_s0
 29. Parameter Settings for User Entity Instance: RegisterFile:Register_File|Register:Register_s1
 30. Parameter Settings for User Entity Instance: RegisterFile:Register_File|Register:Register_s2
 31. Parameter Settings for User Entity Instance: RegisterFile:Register_File|Register:Register_s3
 32. Parameter Settings for User Entity Instance: RegisterFile:Register_File|Register:Register_s4
 33. Parameter Settings for User Entity Instance: RegisterFile:Register_File|Register:Register_s5
 34. Parameter Settings for User Entity Instance: RegisterFile:Register_File|Register:Register_s6
 35. Parameter Settings for User Entity Instance: RegisterFile:Register_File|Register:Register_s7
 36. Parameter Settings for User Entity Instance: RegisterFile:Register_File|Register:Register_t8
 37. Parameter Settings for User Entity Instance: RegisterFile:Register_File|Register:Register_t9
 38. Parameter Settings for User Entity Instance: RegisterFile:Register_File|Register:Register_k0
 39. Parameter Settings for User Entity Instance: RegisterFile:Register_File|Register:Register_k1
 40. Parameter Settings for User Entity Instance: RegisterFile:Register_File|Register:Register_gp
 41. Parameter Settings for User Entity Instance: RegisterFile:Register_File|Register:Register_sp
 42. Parameter Settings for User Entity Instance: RegisterFile:Register_File|Register:Register_fp
 43. Parameter Settings for User Entity Instance: RegisterFile:Register_File|Register:Register_ra
 44. Parameter Settings for User Entity Instance: RegisterFile:Register_File|MUXRegisterFile:MUXRegister1
 45. Parameter Settings for User Entity Instance: RegisterFile:Register_File|MUXRegisterFile:MUXRegister2
 46. Parameter Settings for User Entity Instance: Multiplexer2to1:MUX_ForReadDataAndInmediate
 47. Analysis & Elaboration Settings
 48. Port Connectivity Checks: "RegisterFile:Register_File|Register:Register_Zero"
 49. Port Connectivity Checks: "Adder32bits:PC_Puls_4"
 50. Port Connectivity Checks: "Control:ControlUnit"
 51. Analysis & Elaboration Messages



----------------
; Legal Notice ;
----------------
Copyright (C) 2017  Intel Corporation. All rights reserved.
Your use of Intel Corporation's design tools, logic functions 
and other software and tools, and its AMPP partner logic 
functions, and any output files from any of the foregoing 
(including device programming or simulation files), and any 
associated documentation or information are expressly subject 
to the terms and conditions of the Intel Program License 
Subscription Agreement, the Intel Quartus Prime License Agreement,
the Intel MegaCore Function License Agreement, or other 
applicable license agreement, including, without limitation, 
that your use is for the sole purpose of programming logic 
devices manufactured by Intel and sold by Intel or its 
authorized distributors.  Please refer to the applicable 
agreement for further details.



+----------------------------------------------------------------------------------+
; Analysis & Elaboration Summary                                                   ;
+------------------------------------+---------------------------------------------+
; Analysis & Elaboration Status      ; Successful - Mon Jun 26 19:54:41 2017       ;
; Quartus Prime Version              ; 17.0.0 Build 595 04/25/2017 SJ Lite Edition ;
; Revision Name                      ; MIPS_Processor                              ;
; Top-level Entity Name              ; MIPS_Processor                              ;
; Family                             ; Cyclone IV E                                ;
; Total logic elements               ; N/A until Partition Merge                   ;
;     Total combinational functions  ; N/A until Partition Merge                   ;
;     Dedicated logic registers      ; N/A until Partition Merge                   ;
; Total registers                    ; N/A until Partition Merge                   ;
; Total pins                         ; N/A until Partition Merge                   ;
; Total virtual pins                 ; N/A until Partition Merge                   ;
; Total memory bits                  ; N/A until Partition Merge                   ;
; Embedded Multiplier 9-bit elements ; N/A until Partition Merge                   ;
; Total PLLs                         ; N/A until Partition Merge                   ;
+------------------------------------+---------------------------------------------+


+------------------------------------------+
; Parallel Compilation                     ;
+----------------------------+-------------+
; Processors                 ; Number      ;
+----------------------------+-------------+
; Number detected on machine ; 4           ;
; Maximum allowed            ; 4           ;
;                            ;             ;
; Average used               ; 1.00        ;
; Maximum used               ; 1           ;
;                            ;             ;
; Usage by Processor         ; % Time Used ;
;     Processor 1            ; 100.0%      ;
+----------------------------+-------------+


+--------------------------------------------------------------------------------+
; Parameter Settings for User Entity Instance: Top-level Entity: |MIPS_Processor ;
+----------------+-------+-------------------------------------------------------+
; Parameter Name ; Value ; Type                                                  ;
+----------------+-------+-------------------------------------------------------+
; MEMORY_DEPTH   ; 32    ; Signed Integer                                        ;
+----------------+-------+-------------------------------------------------------+
Note: In order to hide this table in the UI and the text report file, please set the "Show Parameter Settings in Synthesis Report" option in "Analysis and Synthesis Settings -> More Settings" to "Off".


+-------------------------------------------------------------------------+
; Parameter Settings for User Entity Instance: PC_Register:ProgramCounter ;
+----------------+-------+------------------------------------------------+
; Parameter Name ; Value ; Type                                           ;
+----------------+-------+------------------------------------------------+
; N              ; 32    ; Signed Integer                                 ;
+----------------+-------+------------------------------------------------+
Note: In order to hide this table in the UI and the text report file, please set the "Show Parameter Settings in Synthesis Report" option in "Analysis and Synthesis Settings -> More Settings" to "Off".


+-----------------------------------------------------------------------------+
; Parameter Settings for User Entity Instance: ProgramMemory:ROMProgramMemory ;
+----------------+-------+----------------------------------------------------+
; Parameter Name ; Value ; Type                                               ;
+----------------+-------+----------------------------------------------------+
; MEMORY_DEPTH   ; 32    ; Signed Integer                                     ;
; DATA_WIDTH     ; 32    ; Signed Integer                                     ;
+----------------+-------+----------------------------------------------------+
Note: In order to hide this table in the UI and the text report file, please set the "Show Parameter Settings in Synthesis Report" option in "Analysis and Synthesis Settings -> More Settings" to "Off".


+--------------------------------------------------------------------+
; Parameter Settings for User Entity Instance: Adder32bits:PC_Puls_4 ;
+----------------+-------+-------------------------------------------+
; Parameter Name ; Value ; Type                                      ;
+----------------+-------+-------------------------------------------+
; NBits          ; 32    ; Signed Integer                            ;
+----------------+-------+-------------------------------------------+
Note: In order to hide this table in the UI and the text report file, please set the "Show Parameter Settings in Synthesis Report" option in "Analysis and Synthesis Settings -> More Settings" to "Off".


+----------------------------------------------------------------------------+
; Parameter Settings for User Entity Instance: Adder32bits:AdderForBranching ;
+----------------+-------+---------------------------------------------------+
; Parameter Name ; Value ; Type                                              ;
+----------------+-------+---------------------------------------------------+
; NBits          ; 32    ; Signed Integer                                    ;
+----------------+-------+---------------------------------------------------+
Note: In order to hide this table in the UI and the text report file, please set the "Show Parameter Settings in Synthesis Report" option in "Analysis and Synthesis Settings -> More Settings" to "Off".


+---------------------------------------------------------------------+
; Parameter Settings for User Entity Instance: Multiplexer2to1:MUX_PC ;
+----------------+-------+--------------------------------------------+
; Parameter Name ; Value ; Type                                       ;
+----------------+-------+--------------------------------------------+
; NBits          ; 32    ; Signed Integer                             ;
+----------------+-------+--------------------------------------------+
Note: In order to hide this table in the UI and the text report file, please set the "Show Parameter Settings in Synthesis Report" option in "Analysis and Synthesis Settings -> More Settings" to "Off".


+-----------------------------------------------------------------------------------+
; Parameter Settings for User Entity Instance: Multiplexer2to1:MUX_ForRTypeAndIType ;
+----------------+-------+----------------------------------------------------------+
; Parameter Name ; Value ; Type                                                     ;
+----------------+-------+----------------------------------------------------------+
; NBits          ; 5     ; Signed Integer                                           ;
+----------------+-------+----------------------------------------------------------+
Note: In order to hide this table in the UI and the text report file, please set the "Show Parameter Settings in Synthesis Report" option in "Analysis and Synthesis Settings -> More Settings" to "Off".


+-------------------------------------------------------------------------+
; Parameter Settings for User Entity Instance: RegisterFile:Register_File ;
+----------------+-------+------------------------------------------------+
; Parameter Name ; Value ; Type                                           ;
+----------------+-------+------------------------------------------------+
; N              ; 32    ; Signed Integer                                 ;
+----------------+-------+------------------------------------------------+
Note: In order to hide this table in the UI and the text report file, please set the "Show Parameter Settings in Synthesis Report" option in "Analysis and Synthesis Settings -> More Settings" to "Off".


+------------------------------------------------------------------------------------------------+
; Parameter Settings for User Entity Instance: RegisterFile:Register_File|Register:Register_Zero ;
+----------------+-------+-----------------------------------------------------------------------+
; Parameter Name ; Value ; Type                                                                  ;
+----------------+-------+-----------------------------------------------------------------------+
; N              ; 32    ; Signed Integer                                                        ;
+----------------+-------+-----------------------------------------------------------------------+
Note: In order to hide this table in the UI and the text report file, please set the "Show Parameter Settings in Synthesis Report" option in "Analysis and Synthesis Settings -> More Settings" to "Off".


+----------------------------------------------------------------------------------------------+
; Parameter Settings for User Entity Instance: RegisterFile:Register_File|Register:Register_at ;
+----------------+-------+---------------------------------------------------------------------+
; Parameter Name ; Value ; Type                                                                ;
+----------------+-------+---------------------------------------------------------------------+
; N              ; 32    ; Signed Integer                                                      ;
+----------------+-------+---------------------------------------------------------------------+
Note: In order to hide this table in the UI and the text report file, please set the "Show Parameter Settings in Synthesis Report" option in "Analysis and Synthesis Settings -> More Settings" to "Off".


+----------------------------------------------------------------------------------------------+
; Parameter Settings for User Entity Instance: RegisterFile:Register_File|Register:Register_v0 ;
+----------------+-------+---------------------------------------------------------------------+
; Parameter Name ; Value ; Type                                                                ;
+----------------+-------+---------------------------------------------------------------------+
; N              ; 32    ; Signed Integer                                                      ;
+----------------+-------+---------------------------------------------------------------------+
Note: In order to hide this table in the UI and the text report file, please set the "Show Parameter Settings in Synthesis Report" option in "Analysis and Synthesis Settings -> More Settings" to "Off".


+----------------------------------------------------------------------------------------------+
; Parameter Settings for User Entity Instance: RegisterFile:Register_File|Register:Register_v1 ;
+----------------+-------+---------------------------------------------------------------------+
; Parameter Name ; Value ; Type                                                                ;
+----------------+-------+---------------------------------------------------------------------+
; N              ; 32    ; Signed Integer                                                      ;
+----------------+-------+---------------------------------------------------------------------+
Note: In order to hide this table in the UI and the text report file, please set the "Show Parameter Settings in Synthesis Report" option in "Analysis and Synthesis Settings -> More Settings" to "Off".


+----------------------------------------------------------------------------------------------+
; Parameter Settings for User Entity Instance: RegisterFile:Register_File|Register:Register_a0 ;
+----------------+-------+---------------------------------------------------------------------+
; Parameter Name ; Value ; Type                                                                ;
+----------------+-------+---------------------------------------------------------------------+
; N              ; 32    ; Signed Integer                                                      ;
+----------------+-------+---------------------------------------------------------------------+
Note: In order to hide this table in the UI and the text report file, please set the "Show Parameter Settings in Synthesis Report" option in "Analysis and Synthesis Settings -> More Settings" to "Off".


+----------------------------------------------------------------------------------------------+
; Parameter Settings for User Entity Instance: RegisterFile:Register_File|Register:Register_a1 ;
+----------------+-------+---------------------------------------------------------------------+
; Parameter Name ; Value ; Type                                                                ;
+----------------+-------+---------------------------------------------------------------------+
; N              ; 32    ; Signed Integer                                                      ;
+----------------+-------+---------------------------------------------------------------------+
Note: In order to hide this table in the UI and the text report file, please set the "Show Parameter Settings in Synthesis Report" option in "Analysis and Synthesis Settings -> More Settings" to "Off".


+----------------------------------------------------------------------------------------------+
; Parameter Settings for User Entity Instance: RegisterFile:Register_File|Register:Register_a2 ;
+----------------+-------+---------------------------------------------------------------------+
; Parameter Name ; Value ; Type                                                                ;
+----------------+-------+---------------------------------------------------------------------+
; N              ; 32    ; Signed Integer                                                      ;
+----------------+-------+---------------------------------------------------------------------+
Note: In order to hide this table in the UI and the text report file, please set the "Show Parameter Settings in Synthesis Report" option in "Analysis and Synthesis Settings -> More Settings" to "Off".


+----------------------------------------------------------------------------------------------+
; Parameter Settings for User Entity Instance: RegisterFile:Register_File|Register:Register_a3 ;
+----------------+-------+---------------------------------------------------------------------+
; Parameter Name ; Value ; Type                                                                ;
+----------------+-------+---------------------------------------------------------------------+
; N              ; 32    ; Signed Integer                                                      ;
+----------------+-------+---------------------------------------------------------------------+
Note: In order to hide this table in the UI and the text report file, please set the "Show Parameter Settings in Synthesis Report" option in "Analysis and Synthesis Settings -> More Settings" to "Off".


+----------------------------------------------------------------------------------------------+
; Parameter Settings for User Entity Instance: RegisterFile:Register_File|Register:Register_t0 ;
+----------------+-------+---------------------------------------------------------------------+
; Parameter Name ; Value ; Type                                                                ;
+----------------+-------+---------------------------------------------------------------------+
; N              ; 32    ; Signed Integer                                                      ;
+----------------+-------+---------------------------------------------------------------------+
Note: In order to hide this table in the UI and the text report file, please set the "Show Parameter Settings in Synthesis Report" option in "Analysis and Synthesis Settings -> More Settings" to "Off".


+----------------------------------------------------------------------------------------------+
; Parameter Settings for User Entity Instance: RegisterFile:Register_File|Register:Register_t1 ;
+----------------+-------+---------------------------------------------------------------------+
; Parameter Name ; Value ; Type                                                                ;
+----------------+-------+---------------------------------------------------------------------+
; N              ; 32    ; Signed Integer                                                      ;
+----------------+-------+---------------------------------------------------------------------+
Note: In order to hide this table in the UI and the text report file, please set the "Show Parameter Settings in Synthesis Report" option in "Analysis and Synthesis Settings -> More Settings" to "Off".


+----------------------------------------------------------------------------------------------+
; Parameter Settings for User Entity Instance: RegisterFile:Register_File|Register:Register_t2 ;
+----------------+-------+---------------------------------------------------------------------+
; Parameter Name ; Value ; Type                                                                ;
+----------------+-------+---------------------------------------------------------------------+
; N              ; 32    ; Signed Integer                                                      ;
+----------------+-------+---------------------------------------------------------------------+
Note: In order to hide this table in the UI and the text report file, please set the "Show Parameter Settings in Synthesis Report" option in "Analysis and Synthesis Settings -> More Settings" to "Off".


+----------------------------------------------------------------------------------------------+
; Parameter Settings for User Entity Instance: RegisterFile:Register_File|Register:Register_t3 ;
+----------------+-------+---------------------------------------------------------------------+
; Parameter Name ; Value ; Type                                                                ;
+----------------+-------+---------------------------------------------------------------------+
; N              ; 32    ; Signed Integer                                                      ;
+----------------+-------+---------------------------------------------------------------------+
Note: In order to hide this table in the UI and the text report file, please set the "Show Parameter Settings in Synthesis Report" option in "Analysis and Synthesis Settings -> More Settings" to "Off".


+----------------------------------------------------------------------------------------------+
; Parameter Settings for User Entity Instance: RegisterFile:Register_File|Register:Register_t4 ;
+----------------+-------+---------------------------------------------------------------------+
; Parameter Name ; Value ; Type                                                                ;
+----------------+-------+---------------------------------------------------------------------+
; N              ; 32    ; Signed Integer                                                      ;
+----------------+-------+---------------------------------------------------------------------+
Note: In order to hide this table in the UI and the text report file, please set the "Show Parameter Settings in Synthesis Report" option in "Analysis and Synthesis Settings -> More Settings" to "Off".


+----------------------------------------------------------------------------------------------+
; Parameter Settings for User Entity Instance: RegisterFile:Register_File|Register:Register_t5 ;
+----------------+-------+---------------------------------------------------------------------+
; Parameter Name ; Value ; Type                                                                ;
+----------------+-------+---------------------------------------------------------------------+
; N              ; 32    ; Signed Integer                                                      ;
+----------------+-------+---------------------------------------------------------------------+
Note: In order to hide this table in the UI and the text report file, please set the "Show Parameter Settings in Synthesis Report" option in "Analysis and Synthesis Settings -> More Settings" to "Off".


+----------------------------------------------------------------------------------------------+
; Parameter Settings for User Entity Instance: RegisterFile:Register_File|Register:Register_t6 ;
+----------------+-------+---------------------------------------------------------------------+
; Parameter Name ; Value ; Type                                                                ;
+----------------+-------+---------------------------------------------------------------------+
; N              ; 32    ; Signed Integer                                                      ;
+----------------+-------+---------------------------------------------------------------------+
Note: In order to hide this table in the UI and the text report file, please set the "Show Parameter Settings in Synthesis Report" option in "Analysis and Synthesis Settings -> More Settings" to "Off".


+----------------------------------------------------------------------------------------------+
; Parameter Settings for User Entity Instance: RegisterFile:Register_File|Register:Register_t7 ;
+----------------+-------+---------------------------------------------------------------------+
; Parameter Name ; Value ; Type                                                                ;
+----------------+-------+---------------------------------------------------------------------+
; N              ; 32    ; Signed Integer                                                      ;
+----------------+-------+---------------------------------------------------------------------+
Note: In order to hide this table in the UI and the text report file, please set the "Show Parameter Settings in Synthesis Report" option in "Analysis and Synthesis Settings -> More Settings" to "Off".


+----------------------------------------------------------------------------------------------+
; Parameter Settings for User Entity Instance: RegisterFile:Register_File|Register:Register_s0 ;
+----------------+-------+---------------------------------------------------------------------+
; Parameter Name ; Value ; Type                                                                ;
+----------------+-------+---------------------------------------------------------------------+
; N              ; 32    ; Signed Integer                                                      ;
+----------------+-------+---------------------------------------------------------------------+
Note: In order to hide this table in the UI and the text report file, please set the "Show Parameter Settings in Synthesis Report" option in "Analysis and Synthesis Settings -> More Settings" to "Off".


+----------------------------------------------------------------------------------------------+
; Parameter Settings for User Entity Instance: RegisterFile:Register_File|Register:Register_s1 ;
+----------------+-------+---------------------------------------------------------------------+
; Parameter Name ; Value ; Type                                                                ;
+----------------+-------+---------------------------------------------------------------------+
; N              ; 32    ; Signed Integer                                                      ;
+----------------+-------+---------------------------------------------------------------------+
Note: In order to hide this table in the UI and the text report file, please set the "Show Parameter Settings in Synthesis Report" option in "Analysis and Synthesis Settings -> More Settings" to "Off".


+----------------------------------------------------------------------------------------------+
; Parameter Settings for User Entity Instance: RegisterFile:Register_File|Register:Register_s2 ;
+----------------+-------+---------------------------------------------------------------------+
; Parameter Name ; Value ; Type                                                                ;
+----------------+-------+---------------------------------------------------------------------+
; N              ; 32    ; Signed Integer                                                      ;
+----------------+-------+---------------------------------------------------------------------+
Note: In order to hide this table in the UI and the text report file, please set the "Show Parameter Settings in Synthesis Report" option in "Analysis and Synthesis Settings -> More Settings" to "Off".


+----------------------------------------------------------------------------------------------+
; Parameter Settings for User Entity Instance: RegisterFile:Register_File|Register:Register_s3 ;
+----------------+-------+---------------------------------------------------------------------+
; Parameter Name ; Value ; Type                                                                ;
+----------------+-------+---------------------------------------------------------------------+
; N              ; 32    ; Signed Integer                                                      ;
+----------------+-------+---------------------------------------------------------------------+
Note: In order to hide this table in the UI and the text report file, please set the "Show Parameter Settings in Synthesis Report" option in "Analysis and Synthesis Settings -> More Settings" to "Off".


+----------------------------------------------------------------------------------------------+
; Parameter Settings for User Entity Instance: RegisterFile:Register_File|Register:Register_s4 ;
+----------------+-------+---------------------------------------------------------------------+
; Parameter Name ; Value ; Type                                                                ;
+----------------+-------+---------------------------------------------------------------------+
; N              ; 32    ; Signed Integer                                                      ;
+----------------+-------+---------------------------------------------------------------------+
Note: In order to hide this table in the UI and the text report file, please set the "Show Parameter Settings in Synthesis Report" option in "Analysis and Synthesis Settings -> More Settings" to "Off".


+----------------------------------------------------------------------------------------------+
; Parameter Settings for User Entity Instance: RegisterFile:Register_File|Register:Register_s5 ;
+----------------+-------+---------------------------------------------------------------------+
; Parameter Name ; Value ; Type                                                                ;
+----------------+-------+---------------------------------------------------------------------+
; N              ; 32    ; Signed Integer                                                      ;
+----------------+-------+---------------------------------------------------------------------+
Note: In order to hide this table in the UI and the text report file, please set the "Show Parameter Settings in Synthesis Report" option in "Analysis and Synthesis Settings -> More Settings" to "Off".


+----------------------------------------------------------------------------------------------+
; Parameter Settings for User Entity Instance: RegisterFile:Register_File|Register:Register_s6 ;
+----------------+-------+---------------------------------------------------------------------+
; Parameter Name ; Value ; Type                                                                ;
+----------------+-------+---------------------------------------------------------------------+
; N              ; 32    ; Signed Integer                                                      ;
+----------------+-------+---------------------------------------------------------------------+
Note: In order to hide this table in the UI and the text report file, please set the "Show Parameter Settings in Synthesis Report" option in "Analysis and Synthesis Settings -> More Settings" to "Off".


+----------------------------------------------------------------------------------------------+
; Parameter Settings for User Entity Instance: RegisterFile:Register_File|Register:Register_s7 ;
+----------------+-------+---------------------------------------------------------------------+
; Parameter Name ; Value ; Type                                                                ;
+----------------+-------+---------------------------------------------------------------------+
; N              ; 32    ; Signed Integer                                                      ;
+----------------+-------+---------------------------------------------------------------------+
Note: In order to hide this table in the UI and the text report file, please set the "Show Parameter Settings in Synthesis Report" option in "Analysis and Synthesis Settings -> More Settings" to "Off".


+----------------------------------------------------------------------------------------------+
; Parameter Settings for User Entity Instance: RegisterFile:Register_File|Register:Register_t8 ;
+----------------+-------+---------------------------------------------------------------------+
; Parameter Name ; Value ; Type                                                                ;
+----------------+-------+---------------------------------------------------------------------+
; N              ; 32    ; Signed Integer                                                      ;
+----------------+-------+---------------------------------------------------------------------+
Note: In order to hide this table in the UI and the text report file, please set the "Show Parameter Settings in Synthesis Report" option in "Analysis and Synthesis Settings -> More Settings" to "Off".


+----------------------------------------------------------------------------------------------+
; Parameter Settings for User Entity Instance: RegisterFile:Register_File|Register:Register_t9 ;
+----------------+-------+---------------------------------------------------------------------+
; Parameter Name ; Value ; Type                                                                ;
+----------------+-------+---------------------------------------------------------------------+
; N              ; 32    ; Signed Integer                                                      ;
+----------------+-------+---------------------------------------------------------------------+
Note: In order to hide this table in the UI and the text report file, please set the "Show Parameter Settings in Synthesis Report" option in "Analysis and Synthesis Settings -> More Settings" to "Off".


+----------------------------------------------------------------------------------------------+
; Parameter Settings for User Entity Instance: RegisterFile:Register_File|Register:Register_k0 ;
+----------------+-------+---------------------------------------------------------------------+
; Parameter Name ; Value ; Type                                                                ;
+----------------+-------+---------------------------------------------------------------------+
; N              ; 32    ; Signed Integer                                                      ;
+----------------+-------+---------------------------------------------------------------------+
Note: In order to hide this table in the UI and the text report file, please set the "Show Parameter Settings in Synthesis Report" option in "Analysis and Synthesis Settings -> More Settings" to "Off".


+----------------------------------------------------------------------------------------------+
; Parameter Settings for User Entity Instance: RegisterFile:Register_File|Register:Register_k1 ;
+----------------+-------+---------------------------------------------------------------------+
; Parameter Name ; Value ; Type                                                                ;
+----------------+-------+---------------------------------------------------------------------+
; N              ; 32    ; Signed Integer                                                      ;
+----------------+-------+---------------------------------------------------------------------+
Note: In order to hide this table in the UI and the text report file, please set the "Show Parameter Settings in Synthesis Report" option in "Analysis and Synthesis Settings -> More Settings" to "Off".


+----------------------------------------------------------------------------------------------+
; Parameter Settings for User Entity Instance: RegisterFile:Register_File|Register:Register_gp ;
+----------------+-------+---------------------------------------------------------------------+
; Parameter Name ; Value ; Type                                                                ;
+----------------+-------+---------------------------------------------------------------------+
; N              ; 32    ; Signed Integer                                                      ;
+----------------+-------+---------------------------------------------------------------------+
Note: In order to hide this table in the UI and the text report file, please set the "Show Parameter Settings in Synthesis Report" option in "Analysis and Synthesis Settings -> More Settings" to "Off".


+----------------------------------------------------------------------------------------------+
; Parameter Settings for User Entity Instance: RegisterFile:Register_File|Register:Register_sp ;
+----------------+-------+---------------------------------------------------------------------+
; Parameter Name ; Value ; Type                                                                ;
+----------------+-------+---------------------------------------------------------------------+
; N              ; 32    ; Signed Integer                                                      ;
+----------------+-------+---------------------------------------------------------------------+
Note: In order to hide this table in the UI and the text report file, please set the "Show Parameter Settings in Synthesis Report" option in "Analysis and Synthesis Settings -> More Settings" to "Off".


+----------------------------------------------------------------------------------------------+
; Parameter Settings for User Entity Instance: RegisterFile:Register_File|Register:Register_fp ;
+----------------+-------+---------------------------------------------------------------------+
; Parameter Name ; Value ; Type                                                                ;
+----------------+-------+---------------------------------------------------------------------+
; N              ; 32    ; Signed Integer                                                      ;
+----------------+-------+---------------------------------------------------------------------+
Note: In order to hide this table in the UI and the text report file, please set the "Show Parameter Settings in Synthesis Report" option in "Analysis and Synthesis Settings -> More Settings" to "Off".


+----------------------------------------------------------------------------------------------+
; Parameter Settings for User Entity Instance: RegisterFile:Register_File|Register:Register_ra ;
+----------------+-------+---------------------------------------------------------------------+
; Parameter Name ; Value ; Type                                                                ;
+----------------+-------+---------------------------------------------------------------------+
; N              ; 32    ; Signed Integer                                                      ;
+----------------+-------+---------------------------------------------------------------------+
Note: In order to hide this table in the UI and the text report file, please set the "Show Parameter Settings in Synthesis Report" option in "Analysis and Synthesis Settings -> More Settings" to "Off".


+------------------------------------------------------------------------------------------------------+
; Parameter Settings for User Entity Instance: RegisterFile:Register_File|MUXRegisterFile:MUXRegister1 ;
+----------------+-------+-----------------------------------------------------------------------------+
; Parameter Name ; Value ; Type                                                                        ;
+----------------+-------+-----------------------------------------------------------------------------+
; N              ; 32    ; Signed Integer                                                              ;
+----------------+-------+-----------------------------------------------------------------------------+
Note: In order to hide this table in the UI and the text report file, please set the "Show Parameter Settings in Synthesis Report" option in "Analysis and Synthesis Settings -> More Settings" to "Off".


+------------------------------------------------------------------------------------------------------+
; Parameter Settings for User Entity Instance: RegisterFile:Register_File|MUXRegisterFile:MUXRegister2 ;
+----------------+-------+-----------------------------------------------------------------------------+
; Parameter Name ; Value ; Type                                                                        ;
+----------------+-------+-----------------------------------------------------------------------------+
; N              ; 32    ; Signed Integer                                                              ;
+----------------+-------+-----------------------------------------------------------------------------+
Note: In order to hide this table in the UI and the text report file, please set the "Show Parameter Settings in Synthesis Report" option in "Analysis and Synthesis Settings -> More Settings" to "Off".


+------------------------------------------------------------------------------------------+
; Parameter Settings for User Entity Instance: Multiplexer2to1:MUX_ForReadDataAndInmediate ;
+----------------+-------+-----------------------------------------------------------------+
; Parameter Name ; Value ; Type                                                            ;
+----------------+-------+-----------------------------------------------------------------+
; NBits          ; 32    ; Signed Integer                                                  ;
+----------------+-------+-----------------------------------------------------------------+
Note: In order to hide this table in the UI and the text report file, please set the "Show Parameter Settings in Synthesis Report" option in "Analysis and Synthesis Settings -> More Settings" to "Off".


+----------------------------------------------------------------------------------------------------------------------+
; Analysis & Elaboration Settings                                                                                      ;
+----------------------------------------------------------------------------+--------------------+--------------------+
; Option                                                                     ; Setting            ; Default Value      ;
+----------------------------------------------------------------------------+--------------------+--------------------+
; Top-level entity name                                                      ; MIPS_Processor     ; MIPS_Processor     ;
; Family name                                                                ; Cyclone IV E       ; Cyclone V          ;
; Use smart compilation                                                      ; Off                ; Off                ;
; Enable parallel Assembler and TimeQuest Timing Analyzer during compilation ; On                 ; On                 ;
; Enable compact report table                                                ; Off                ; Off                ;
; Restructure Multiplexers                                                   ; Auto               ; Auto               ;
; Create Debugging Nodes for IP Cores                                        ; Off                ; Off                ;
; Preserve fewer node names                                                  ; On                 ; On                 ;
; OpenCore Plus hardware evaluation                                          ; Enable             ; Enable             ;
; Verilog Version                                                            ; Verilog_2001       ; Verilog_2001       ;
; VHDL Version                                                               ; VHDL_1993          ; VHDL_1993          ;
; State Machine Processing                                                   ; Auto               ; Auto               ;
; Safe State Machine                                                         ; Off                ; Off                ;
; Extract Verilog State Machines                                             ; On                 ; On                 ;
; Extract VHDL State Machines                                                ; On                 ; On                 ;
; Ignore Verilog initial constructs                                          ; Off                ; Off                ;
; Iteration limit for constant Verilog loops                                 ; 5000               ; 5000               ;
; Iteration limit for non-constant Verilog loops                             ; 250                ; 250                ;
; Add Pass-Through Logic to Inferred RAMs                                    ; On                 ; On                 ;
; Infer RAMs from Raw Logic                                                  ; On                 ; On                 ;
; Parallel Synthesis                                                         ; On                 ; On                 ;
; DSP Block Balancing                                                        ; Auto               ; Auto               ;
; NOT Gate Push-Back                                                         ; On                 ; On                 ;
; Power-Up Don't Care                                                        ; On                 ; On                 ;
; Remove Redundant Logic Cells                                               ; Off                ; Off                ;
; Remove Duplicate Registers                                                 ; On                 ; On                 ;
; Ignore CARRY Buffers                                                       ; Off                ; Off                ;
; Ignore CASCADE Buffers                                                     ; Off                ; Off                ;
; Ignore GLOBAL Buffers                                                      ; Off                ; Off                ;
; Ignore ROW GLOBAL Buffers                                                  ; Off                ; Off                ;
; Ignore LCELL Buffers                                                       ; Off                ; Off                ;
; Ignore SOFT Buffers                                                        ; On                 ; On                 ;
; Limit AHDL Integers to 32 Bits                                             ; Off                ; Off                ;
; Optimization Technique                                                     ; Balanced           ; Balanced           ;
; Carry Chain Length                                                         ; 70                 ; 70                 ;
; Auto Carry Chains                                                          ; On                 ; On                 ;
; Auto Open-Drain Pins                                                       ; On                 ; On                 ;
; Perform WYSIWYG Primitive Resynthesis                                      ; Off                ; Off                ;
; Auto ROM Replacement                                                       ; On                 ; On                 ;
; Auto RAM Replacement                                                       ; On                 ; On                 ;
; Auto DSP Block Replacement                                                 ; On                 ; On                 ;
; Auto Shift Register Replacement                                            ; Auto               ; Auto               ;
; Allow Shift Register Merging across Hierarchies                            ; Auto               ; Auto               ;
; Auto Clock Enable Replacement                                              ; On                 ; On                 ;
; Strict RAM Replacement                                                     ; Off                ; Off                ;
; Allow Synchronous Control Signals                                          ; On                 ; On                 ;
; Force Use of Synchronous Clear Signals                                     ; Off                ; Off                ;
; Auto RAM Block Balancing                                                   ; On                 ; On                 ;
; Auto RAM to Logic Cell Conversion                                          ; Off                ; Off                ;
; Auto Resource Sharing                                                      ; Off                ; Off                ;
; Allow Any RAM Size For Recognition                                         ; Off                ; Off                ;
; Allow Any ROM Size For Recognition                                         ; Off                ; Off                ;
; Allow Any Shift Register Size For Recognition                              ; Off                ; Off                ;
; Use LogicLock Constraints during Resource Balancing                        ; On                 ; On                 ;
; Ignore translate_off and synthesis_off directives                          ; Off                ; Off                ;
; Timing-Driven Synthesis                                                    ; On                 ; On                 ;
; Report Parameter Settings                                                  ; On                 ; On                 ;
; Report Source Assignments                                                  ; On                 ; On                 ;
; Report Connectivity Checks                                                 ; On                 ; On                 ;
; Ignore Maximum Fan-Out Assignments                                         ; Off                ; Off                ;
; Synchronization Register Chain Length                                      ; 2                  ; 2                  ;
; PowerPlay Power Optimization During Synthesis                              ; Normal compilation ; Normal compilation ;
; HDL message level                                                          ; Level2             ; Level2             ;
; Suppress Register Optimization Related Messages                            ; Off                ; Off                ;
; Number of Removed Registers Reported in Synthesis Report                   ; 5000               ; 5000               ;
; Number of Swept Nodes Reported in Synthesis Report                         ; 5000               ; 5000               ;
; Number of Inverted Registers Reported in Synthesis Report                  ; 100                ; 100                ;
; Clock MUX Protection                                                       ; On                 ; On                 ;
; Auto Gated Clock Conversion                                                ; Off                ; Off                ;
; Block Design Naming                                                        ; Auto               ; Auto               ;
; SDC constraint protection                                                  ; Off                ; Off                ;
; Synthesis Effort                                                           ; Auto               ; Auto               ;
; Shift Register Replacement - Allow Asynchronous Clear Signal               ; On                 ; On                 ;
; Pre-Mapping Resynthesis Optimization                                       ; Off                ; Off                ;
; Analysis & Synthesis Message Level                                         ; Medium             ; Medium             ;
; Disable Register Merging Across Hierarchies                                ; Auto               ; Auto               ;
; Resource Aware Inference For Block RAM                                     ; On                 ; On                 ;
+----------------------------------------------------------------------------+--------------------+--------------------+


+-------------------------------------------------------------------------------+
; Port Connectivity Checks: "RegisterFile:Register_File|Register:Register_Zero" ;
+-----------+-------+----------+------------------------------------------------+
; Port      ; Type  ; Severity ; Details                                        ;
+-----------+-------+----------+------------------------------------------------+
; DataInput ; Input ; Info     ; Stuck at GND                                   ;
+-----------+-------+----------+------------------------------------------------+


+---------------------------------------------------+
; Port Connectivity Checks: "Adder32bits:PC_Puls_4" ;
+--------------+-------+----------+-----------------+
; Port         ; Type  ; Severity ; Details         ;
+--------------+-------+----------+-----------------+
; Data1[31..3] ; Input ; Info     ; Stuck at GND    ;
; Data1[1..0]  ; Input ; Info     ; Stuck at GND    ;
; Data1[2]     ; Input ; Info     ; Stuck at VCC    ;
+--------------+-------+----------+-----------------+


+-----------------------------------------------------------------------------------------------------------------------------------------+
; Port Connectivity Checks: "Control:ControlUnit"                                                                                         ;
+----------+--------+----------+----------------------------------------------------------------------------------------------------------+
; Port     ; Type   ; Severity ; Details                                                                                                  ;
+----------+--------+----------+----------------------------------------------------------------------------------------------------------+
; MemRead  ; Output ; Warning  ; Declared by entity but not connected by instance. Logic that only feeds a dangling port will be removed. ;
; MemtoReg ; Output ; Warning  ; Declared by entity but not connected by instance. Logic that only feeds a dangling port will be removed. ;
; MemWrite ; Output ; Warning  ; Declared by entity but not connected by instance. Logic that only feeds a dangling port will be removed. ;
+----------+--------+----------+----------------------------------------------------------------------------------------------------------+


+---------------------------------+
; Analysis & Elaboration Messages ;
+---------------------------------+
Info: *******************************************************************
Info: Running Quartus Prime Analysis & Elaboration
    Info: Version 17.0.0 Build 595 04/25/2017 SJ Lite Edition
    Info: Processing started: Mon Jun 26 19:54:09 2017
Info: Command: quartus_map --read_settings_files=on --write_settings_files=off Examen2 -c MIPS_Processor --analysis_and_elaboration
Warning (18236): Number of processors has not been specified which may cause overloading on shared machines.  Set the global assignment NUM_PARALLEL_PROCESSORS in your QSF to an appropriate value for best performance.
Info (20030): Parallel compilation is enabled and will use 4 of the 4 processors detected
Info (12021): Found 1 design units, including 1 entities, in source file signextend.v
    Info (12023): Found entity 1: SignExtend File: C:/MIPS_Projects/Examen 2/SignExtend.v Line: 14
Info (12021): Found 1 design units, including 1 entities, in source file shiftleft2.v
    Info (12023): Found entity 1: ShiftLeft2 File: C:/MIPS_Projects/Examen 2/ShiftLeft2.v Line: 12
Info (12021): Found 1 design units, including 1 entities, in source file registerfile.v
    Info (12023): Found entity 1: RegisterFile File: C:/MIPS_Projects/Examen 2/RegisterFile.v Line: 15
Info (12021): Found 1 design units, including 1 entities, in source file register.v
    Info (12023): Found entity 1: Register File: C:/MIPS_Projects/Examen 2/Register.v Line: 12
Info (12021): Found 1 design units, including 1 entities, in source file programmemory.v
    Info (12023): Found entity 1: ProgramMemory File: C:/MIPS_Projects/Examen 2/ProgramMemory.v Line: 15
Info (12021): Found 1 design units, including 1 entities, in source file pc_register.v
    Info (12023): Found entity 1: PC_Register File: C:/MIPS_Projects/Examen 2/PC_Register.v Line: 15
Info (12021): Found 1 design units, including 1 entities, in source file orgate.v
    Info (12023): Found entity 1: ORGate File: C:/MIPS_Projects/Examen 2/ORGate.v Line: 13
Info (12021): Found 1 design units, including 1 entities, in source file muxregisterfile.v
    Info (12023): Found entity 1: MUXRegisterFile File: C:/MIPS_Projects/Examen 2/MUXRegisterFile.v Line: 2
Info (12021): Found 1 design units, including 1 entities, in source file multiplexer2to1.v
    Info (12023): Found entity 1: Multiplexer2to1 File: C:/MIPS_Projects/Examen 2/Multiplexer2to1.v Line: 13
Info (12021): Found 1 design units, including 1 entities, in source file mips_processor_tb.v
    Info (12023): Found entity 1: MIPS_Processor_TB File: C:/MIPS_Projects/Examen 2/MIPS_Processor_TB.v Line: 15
Info (12021): Found 1 design units, including 1 entities, in source file mips_processor.v
    Info (12023): Found entity 1: MIPS_Processor File: C:/MIPS_Projects/Examen 2/MIPS_Processor.v Line: 28
Info (12021): Found 1 design units, including 1 entities, in source file decoderregisterfile.v
    Info (12023): Found entity 1: DecoderRegisterFile File: C:/MIPS_Projects/Examen 2/DecoderRegisterFile.v Line: 12
Info (12021): Found 1 design units, including 1 entities, in source file datamemory.v
    Info (12023): Found entity 1: DataMemory File: C:/MIPS_Projects/Examen 2/DataMemory.v Line: 13
Info (12021): Found 1 design units, including 1 entities, in source file control.v
    Info (12023): Found entity 1: Control File: C:/MIPS_Projects/Examen 2/Control.v Line: 14
Info (12021): Found 1 design units, including 1 entities, in source file andgate.v
    Info (12023): Found entity 1: ANDGate File: C:/MIPS_Projects/Examen 2/ANDGate.v Line: 13
Info (12021): Found 1 design units, including 1 entities, in source file alucontrol.v
    Info (12023): Found entity 1: ALUControl File: C:/MIPS_Projects/Examen 2/ALUControl.v Line: 15
Info (12021): Found 1 design units, including 1 entities, in source file alu.v
    Info (12023): Found entity 1: ALU File: C:/MIPS_Projects/Examen 2/ALU.v Line: 20
Info (12021): Found 1 design units, including 1 entities, in source file adder32bits.v
    Info (12023): Found entity 1: Adder32bits File: C:/MIPS_Projects/Examen 2/Adder32bits.v Line: 13
Info (12127): Elaborating entity "MIPS_Processor" for the top level hierarchy
Info (12128): Elaborating entity "Control" for hierarchy "Control:ControlUnit" File: C:/MIPS_Projects/Examen 2/MIPS_Processor.v Line: 90
Info (12128): Elaborating entity "PC_Register" for hierarchy "PC_Register:ProgramCounter" File: C:/MIPS_Projects/Examen 2/MIPS_Processor.v Line: 99
Info (12128): Elaborating entity "ProgramMemory" for hierarchy "ProgramMemory:ROMProgramMemory" File: C:/MIPS_Projects/Examen 2/MIPS_Processor.v Line: 120
Warning (10850): Verilog HDL warning at ProgramMemory.v(34): number of words (4) in memory file does not match the number of elements in the address range [0:31] File: C:/MIPS_Projects/Examen 2/ProgramMemory.v Line: 34
Warning (10030): Net "rom.data_a" at ProgramMemory.v(30) has no driver or initial value, using a default initial value '0' File: C:/MIPS_Projects/Examen 2/ProgramMemory.v Line: 30
Warning (10030): Net "rom.waddr_a" at ProgramMemory.v(30) has no driver or initial value, using a default initial value '0' File: C:/MIPS_Projects/Examen 2/ProgramMemory.v Line: 30
Warning (10030): Net "rom.we_a" at ProgramMemory.v(30) has no driver or initial value, using a default initial value '0' File: C:/MIPS_Projects/Examen 2/ProgramMemory.v Line: 30
Info (12128): Elaborating entity "Adder32bits" for hierarchy "Adder32bits:PC_Puls_4" File: C:/MIPS_Projects/Examen 2/MIPS_Processor.v Line: 129
Info (12128): Elaborating entity "ShiftLeft2" for hierarchy "ShiftLeft2:Shifter" File: C:/MIPS_Projects/Examen 2/MIPS_Processor.v Line: 137
Info (12128): Elaborating entity "ANDGate" for hierarchy "ANDGate:ANDGateForBEQ" File: C:/MIPS_Projects/Examen 2/MIPS_Processor.v Line: 154
Info (12128): Elaborating entity "ORGate" for hierarchy "ORGate:ORGateForBNEOrBEQ" File: C:/MIPS_Projects/Examen 2/MIPS_Processor.v Line: 170
Info (12128): Elaborating entity "Multiplexer2to1" for hierarchy "Multiplexer2to1:MUX_PC" File: C:/MIPS_Projects/Examen 2/MIPS_Processor.v Line: 185
Info (12128): Elaborating entity "Multiplexer2to1" for hierarchy "Multiplexer2to1:MUX_ForRTypeAndIType" File: C:/MIPS_Projects/Examen 2/MIPS_Processor.v Line: 205
Info (12128): Elaborating entity "RegisterFile" for hierarchy "RegisterFile:Register_File" File: C:/MIPS_Projects/Examen 2/MIPS_Processor.v Line: 222
Info (12128): Elaborating entity "DecoderRegisterFile" for hierarchy "RegisterFile:Register_File|DecoderRegisterFile:Decoder" File: C:/MIPS_Projects/Examen 2/RegisterFile.v Line: 42
Info (12128): Elaborating entity "Register" for hierarchy "RegisterFile:Register_File|Register:Register_Zero" File: C:/MIPS_Projects/Examen 2/RegisterFile.v Line: 58
Info (12128): Elaborating entity "MUXRegisterFile" for hierarchy "RegisterFile:Register_File|MUXRegisterFile:MUXRegister1" File: C:/MIPS_Projects/Examen 2/RegisterFile.v Line: 480
Info (12128): Elaborating entity "SignExtend" for hierarchy "SignExtend:SignExtendForConstants" File: C:/MIPS_Projects/Examen 2/MIPS_Processor.v Line: 229
Info (12128): Elaborating entity "ALUControl" for hierarchy "ALUControl:ArithmeticLogicUnitControl" File: C:/MIPS_Projects/Examen 2/MIPS_Processor.v Line: 253
Info (12128): Elaborating entity "ALU" for hierarchy "ALU:ArithmeticLogicUnit" File: C:/MIPS_Projects/Examen 2/MIPS_Processor.v Line: 265
Warning (12241): 1 hierarchies have connectivity warnings - see the Connectivity Checks report folder
Info: Quartus Prime Analysis & Elaboration was successful. 0 errors, 6 warnings
    Info: Peak virtual memory: 583 megabytes
    Info: Processing ended: Mon Jun 26 19:54:41 2017
    Info: Elapsed time: 00:00:32
    Info: Total CPU time (on all processors): 00:01:14


